[02:30:06] T8 b: 20 reps, N 600; held-out SKU 22; GPU fits for both arms in parallel
✓ Initialized. View run at 
✓ Created objects.
├── 🔨 Created mount analysis/T8/t8_gpu.py
└── 🔨 Created function fit.
analysis/T8/t8.py:415: DeprecationError: 2025-06-27: Function.starmap currently leaks an internal exception wrapping type (modal.exceptions.UserCodeException) when `return_exceptions=True` is set. In the future, this will change, and the underlying exception will be returned directly.
To opt into the future behavior and silence this warning, add `wrap_returned_exceptions=False`:

    f.starmap(..., return_exceptions=True, wrap_returned_exceptions=False)
  res = list(t8_gpu.fit.starmap(jobs, return_exceptions=True))
Stopping app - local entrypoint completed.
✓ App completed. View run at 
[02:46:29] GPU fits done: 982 s wall; GPU fit-seconds 3693
[02:49:38] rep 0: kernel flips 1 regret 0.75%  varshare flips 1 regret 0.75%  rfc_s flips 2 regret 4.91%
[02:52:18] rep 1: kernel flips 1 regret 0.75%  varshare flips 1 regret 0.75%  rfc_s flips 2 regret 4.91%
[02:54:38] rep 2: kernel flips 0 regret 0.00%  varshare flips 1 regret 0.75%  rfc_s flips 2 regret 4.91%
[02:57:42] rep 3: kernel flips 1 regret 0.75%  varshare flips 1 regret 0.75%  rfc_s flips 2 regret 4.91%
[03:00:11] rep 4: kernel flips 1 regret 4.91%  varshare flips 1 regret 0.75%  rfc_s flips 2 regret 4.91%
[03:03:13] rep 5: kernel flips 0 regret 0.00%  varshare flips 0 regret 0.00%  rfc_s flips 2 regret 4.91%
[03:05:27] rep 6: kernel flips 0 regret 0.00%  varshare flips 1 regret 0.75%  rfc_s flips 2 regret 4.91%
[03:08:15] rep 7: kernel flips 0 regret 0.00%  varshare flips 1 regret 0.75%  rfc_s flips 2 regret 4.91%
[03:11:06] rep 8: kernel flips 1 regret 0.75%  varshare flips 1 regret 0.75%  rfc_s flips 2 regret 4.91%
[03:13:26] rep 9: kernel flips 0 regret 0.00%  varshare flips 1 regret 0.75%  rfc_s flips 1 regret 4.91%
[03:16:03] rep 10: kernel flips 1 regret 0.75%  varshare flips 1 regret 0.75%  rfc_s flips 2 regret 4.91%
[03:19:17] rep 11: kernel flips 0 regret 0.00%  varshare flips 0 regret 0.00%  rfc_s flips 2 regret 4.91%
[03:22:18] rep 12: kernel flips 0 regret 0.00%  varshare flips 0 regret 0.00%  rfc_s flips 2 regret 4.91%
[03:25:25] rep 13: kernel flips 0 regret 0.00%  varshare flips 1 regret 0.75%  rfc_s flips 2 regret 4.91%
[03:28:26] rep 14: kernel flips 0 regret 0.00%  varshare flips 1 regret 0.75%  rfc_s flips 1 regret 0.75%
[03:30:50] rep 15: kernel flips 0 regret 0.00%  varshare flips 0 regret 0.00%  rfc_s flips 2 regret 4.91%
[03:33:32] rep 16: kernel flips 1 regret 0.75%  varshare flips 1 regret 0.75%  rfc_s flips 2 regret 4.91%
[03:35:58] rep 17: kernel flips 1 regret 0.75%  varshare flips 1 regret 0.75%  rfc_s flips 2 regret 4.91%
[03:38:32] rep 18: kernel flips 0 regret 0.00%  varshare flips 1 regret 0.75%  rfc_s flips 2 regret 4.91%
[03:41:01] rep 19: kernel flips 0 regret 0.00%  varshare flips 0 regret 0.00%  rfc_s flips 1 regret 0.75%
[03:41:01] done
