[03:30:56] T8 c: 20 reps, N 600; held-out SKU 22; GPU fits for both arms in parallel
✓ Initialized. View run at 
✓ Created objects.
├── 🔨 Created mount analysis/T8/t8_gpu.py
└── 🔨 Created function fit.
analysis/T8/t8.py:415: DeprecationError: 2025-06-27: Function.starmap currently leaks an internal exception wrapping type (modal.exceptions.UserCodeException) when `return_exceptions=True` is set. In the future, this will change, and the underlying exception will be returned directly.
To opt into the future behavior and silence this warning, add `wrap_returned_exceptions=False`:

    f.starmap(..., return_exceptions=True, wrap_returned_exceptions=False)
  res = list(t8_gpu.fit.starmap(jobs, return_exceptions=True))
Stopping app - local entrypoint completed.
✓ App completed. View run at 
[03:38:16] GPU fits done: 439 s wall; GPU fit-seconds 3880
[03:41:46] rep 0: kernel flips 1 regret 13.03%  varshare flips 1 regret 13.03%  rfc_s flips 2 regret 13.03%
[03:44:01] rep 1: kernel flips 1 regret 13.03%  varshare flips 2 regret 13.03%  rfc_s flips 2 regret 13.03%
[03:46:21] rep 2: kernel flips 1 regret 13.03%  varshare flips 1 regret 13.03%  rfc_s flips 2 regret 13.03%
[03:48:48] rep 3: kernel flips 2 regret 13.03%  varshare flips 1 regret 13.03%  rfc_s flips 2 regret 13.03%
[03:50:57] rep 4: kernel flips 2 regret 13.03%  varshare flips 2 regret 13.03%  rfc_s flips 2 regret 13.03%
[03:53:22] rep 5: kernel flips 1 regret 0.31%  varshare flips 2 regret 13.03%  rfc_s flips 2 regret 13.03%
[03:56:16] rep 6: kernel flips 2 regret 13.03%  varshare flips 2 regret 13.03%  rfc_s flips 2 regret 13.03%
[03:58:31] rep 7: kernel flips 2 regret 13.03%  varshare flips 2 regret 13.03%  rfc_s flips 2 regret 13.03%
[04:01:16] rep 8: kernel flips 2 regret 13.03%  varshare flips 2 regret 13.03%  rfc_s flips 2 regret 13.03%
[04:03:39] rep 9: kernel flips 2 regret 13.03%  varshare flips 2 regret 13.03%  rfc_s flips 2 regret 13.03%
[04:06:00] rep 10: kernel flips 2 regret 13.03%  varshare flips 2 regret 13.03%  rfc_s flips 2 regret 13.03%
[04:08:16] rep 11: kernel flips 2 regret 13.03%  varshare flips 2 regret 13.03%  rfc_s flips 2 regret 13.03%
[04:11:35] rep 12: kernel flips 0 regret 0.00%  varshare flips 0 regret 0.00%  rfc_s flips 2 regret 13.03%
[04:14:10] rep 13: kernel flips 2 regret 13.03%  varshare flips 2 regret 13.03%  rfc_s flips 2 regret 13.03%
[04:16:37] rep 14: kernel flips 1 regret 13.03%  varshare flips 1 regret 13.03%  rfc_s flips 2 regret 13.03%
[04:19:28] rep 15: kernel flips 1 regret 13.03%  varshare flips 1 regret 13.03%  rfc_s flips 1 regret 0.31%
[04:22:16] rep 16: kernel flips 1 regret 13.03%  varshare flips 1 regret 13.03%  rfc_s flips 2 regret 13.03%
[04:24:54] rep 17: kernel flips 2 regret 13.03%  varshare flips 2 regret 13.03%  rfc_s flips 2 regret 13.03%
[04:27:36] rep 18: kernel flips 1 regret 13.03%  varshare flips 1 regret 13.03%  rfc_s flips 2 regret 13.03%
[04:30:06] rep 19: kernel flips 1 regret 13.03%  varshare flips 2 regret 13.03%  rfc_s flips 1 regret 13.03%
[04:30:06] done
